  anneal train  ·  Apple M3 Pro  ·  mlp  ·  Metal                               

  step 5/100  [██░░░░░░░░░░░░░░░░░░░░░░░░░░░░░░░░░░░░░░░░░░░░░░░░]  5%

  loss  3.420000                █▆▅▄▂▁

  legend:  ─ forward   ╌ backward   ▪ fused

  compiler:  uops 1024 · kernels 24 · fused 0 · pass: memory plan

  q → quit   v → viz (phase 11)
